// Vitest Snapshot v1

exports[`replace esbuild by remix-esbuild-override 1`] = `
{
  "/app/node_modules/esbuild-org/bin/esbuild": "this is original binary",
  "/app/node_modules/esbuild-org/lib/main.js": "this is original main",
  "/app/node_modules/esbuild-org/package.json": "{ \\"name\\": \\"esbuild\\", \\"main\\": \\"lib/main.js\\" }",
  "/app/node_modules/remix-esbuild-override/dist/index.js": "this is replaced main",
  "/app/node_modules/remix-esbuild-override/package.json": "{ \\"name\\": \\"remix-esbuild-override\\", \\"main\\": \\"dist/index.js\\" }",
}
`;
